# Baseline del censo de salvaguardas E2E (scripts/check-e2e-skip-census.sh).
# Formato: clave ocurrencias ficheros. Se regenera SOLO con --update --motivo, en el mismo diff que el cambio.
# 2026-10-05 · frontend/e2e/shipping-alerts.spec.ts (3d0238f0, F-1/F-2 DESIGN_SYSTEM §43.22) +3 mockOnly (2 llamadas + 1 import, método grep -rwo), +1 fichero: smoke de mocks — el selector «Ver como» solo se renderiza con canSwitchRole (AdminTopbar.tsx:41-43, modo demo) y la lista con alert=true sale del servidor falso. Salida: un spec @real aparte (dueño frontend; recomendado por QA en el gate sobre 31af0883) que entre como súper-admin y como operador reales y abra /admin/m4?tab=envios&alert=true contra el stack sembrado. El motivo anterior (precios-s5, 2026-10-04) sigue en git: git log -p scripts/e2e-skip-census.baseline
mockOnly 138 28
needsSeed 34 9
harnessLimit 5 3
skipIfSeedMissing 15 7
realOnly 19 6
