# Baseline del censo de salvaguardas E2E (scripts/check-e2e-skip-census.sh).
# Formato: clave ocurrencias ficheros. Se regenera SOLO con --update --motivo, en el mismo diff que el cambio.
# 2026-10-05 · merge panel+skydropx
mockOnly 138 28
needsSeed 35 10
harnessLimit 5 3
skipIfSeedMissing 15 7
realOnly 19 6
